
> era-banyu@0.1.0 build
> next build

   Γû▓ Next.js 15.1.9
   - Experiments (use with caution):
     ┬╖ optimizeCss

   Creating an optimized production build ...
node.exe : Failed to 
compile.
At C:\Program Files\no
dejs\npm.ps1:29 char:3
+   & $NODE_EXE 
$NPM_CLI_JS $args
+   ~~~~~~~~~~~~~~~~~~
~~~~~~~~~~~
    + CategoryInfo    
          : NotSpeci  
  fied: (Failed to    
 compile.:String)     
[], RemoteExcepti    
on
    + FullyQualifiedE 
   rrorId : NativeCo  
  mmandError
 

./app/(client)/layout.
tsx
Error:   [31mx[0m 
`ssr: false` is not 
allowed with 
`next/dynamic` in 
Server Components. 
Please move it into a 
client component.
    ,-[[36;1;4mC:\Use
rs\Ferry Ardiansyah\On
eDrive\Documents\Tugas
 Kuliah\Sem 7\era-bany
u\app\(client)\layout.
tsx[0m:9:1]
 [2m 6[0m |     
import Footer from "..
/components/client/Foo
ter";
 [2m 7[0m |     
 [2m 8[0m |     // 
Lazy load Chatbot - 
reduces initial 
bundle size
 [2m 9[0m | [35;1m,
[0m[35;1m-[0m[35;1
m>[0m const Chatbot 
= dynamic(() => import
("../components/client
/Chatbot"), {
 [2m10[0m | 
[35;1m|[0m     ssr: 
false,
 [2m11[0m | 
[35;1m|[0m     
loading: () => null,
 [2m12[0m | [35;1m`
[0m[35;1m-[0m[35;1
m>[0m });
 [2m13[0m |     
 [2m14[0m |     
export const 
metadata: Metadata = {
 [2m14[0m |       
title: "Era Banyu 
Segara",
    `----

Import trace for 
requested module:
./app/(client)/layout.
tsx


> Build failed 
because of webpack 
errors
